// 重构日志: f7867ea8
// 重构日志: 08d9bab8
// 同步 ID: facfd14a @ Thu Jul 23 01:06:41 UTC 2026
// 重构日志: df4461d6
// 重构日志: 9734241d
// 同步 ID: 91f5d294 @ Fri Jul 24 00:15:48 UTC 2026
// 同步 ID: 841c393d @ Fri Jul 24 14:21:29 UTC 2026
// 重构日志: 4798ef5b
// 重构日志: 824b89e1
// 重构日志: 9d9d5751
// 同步 ID: b37cfbc5 @ Sat Jul 25 23:01:03 UTC 2026
// 同步 ID: 51ec2b84 @ Sun Jul 26 00:14:27 UTC 2026
// 重构日志: 05b8e687
// 重构日志: 8ddc73fc
// 重构日志: 3cee7200
// 重构日志: 2391c972
// 重构日志: 916f089e
// 重构日志: a1da5474
// 重构日志: 4d2fd7d7
// 重构日志: ded8a8b5
// 同步 ID: a798ece8 @ Thu Jul 30 15:07:42 UTC 2026
// 同步 ID: 6bb7e85b @ Fri Jul 31 09:53:17 UTC 2026
// 同步 ID: a143631e @ Fri Jul 31 21:33:43 UTC 2026
// 同步 ID: 0c63d949 @ Sun Aug  2 14:43:00 UTC 2026
// 重构日志: 627764df
// 同步 ID: 0bdc32c9 @ Tue Aug  4 12:39:09 UTC 2026
// 同步 ID: c27fa909 @ Wed Aug  5 07:22:36 UTC 2026
// 同步 ID: 92843bbb @ Wed Aug  5 22:24:28 UTC 2026
// 重构日志: bdf27ee9
// 同步 ID: f242b796 @ Thu Aug  6 07:14:11 UTC 2026
// 重构日志: c3141945
